src/app/(public)/knowledge-bank/page.tsx(4,10): error TS2614: Module '"@/components/ui/ScrollAnimation"' has no exported member 'ScrollAnimation'. Did you mean to use 'import ScrollAnimation from "@/components/ui/ScrollAnimation"' instead?
